// Jest Snapshot v1, https://goo.gl/fbAQLP

exports[`App initial state should match the snapshot with initial state 1`] = `
<div>
  <img
    alt="logo"
    className="App-logo"
    src="logo.svg"
  />
  <p>
    Loading Data...
  </p>
</div>
`;

exports[`App should match the snapshot with mock state 1`] = `
<div>
  <img
    alt="logo"
    className="App-logo"
    src="logo.svg"
  />
  <p>
    Loading Data...
  </p>
</div>
`;
