// Jest Snapshot v1, https://goo.gl/fbAQLP

exports[`Header should match the snapshot with all data passed in correctly 1`] = `
<div
  className="header-container"
>
  <h1
    className="header-title"
  >
    FlashCards!
  </h1>
</div>
`;
